// Jest Snapshot v1, https://goo.gl/fbAQLP

exports[`Button should render correctly 1`] = `
ShallowWrapper {
  Symbol(enzyme.__root__): [Circular],
  Symbol(enzyme.__unrendered__): <Button
    color=""
    disabled={false}
    style={Object {}}
    value=""
  />,
  Symbol(enzyme.__renderer__): Object {
    "batchedUpdates": [Function],
    "checkPropTypes": [Function],
    "getNode": [Function],
    "render": [Function],
    "simulateError": [Function],
    "simulateEvent": [Function],
    "unmount": [Function],
  },
  Symbol(enzyme.__node__): Object {
    "instance": null,
    "key": undefined,
    "nodeType": "function",
    "props": Object {
      "children": <input
        disabled={false}
        style={
          Object {
            "margin": "5px",
            "padding": "10px",
          }
        }
        type="submit"
        value=""
      />,
    },
    "ref": null,
    "rendered": Object {
      "instance": null,
      "key": undefined,
      "nodeType": "host",
      "props": Object {
        "disabled": false,
        "style": Object {
          "margin": "5px",
          "padding": "10px",
        },
        "type": "submit",
        "value": "",
      },
      "ref": null,
      "rendered": null,
      "type": "input",
    },
    "type": Symbol(react.fragment),
  },
  Symbol(enzyme.__nodes__): Array [
    Object {
      "instance": null,
      "key": undefined,
      "nodeType": "function",
      "props": Object {
        "children": <input
          disabled={false}
          style={
            Object {
              "margin": "5px",
              "padding": "10px",
            }
          }
          type="submit"
          value=""
        />,
      },
      "ref": null,
      "rendered": Object {
        "instance": null,
        "key": undefined,
        "nodeType": "host",
        "props": Object {
          "disabled": false,
          "style": Object {
            "margin": "5px",
            "padding": "10px",
          },
          "type": "submit",
          "value": "",
        },
        "ref": null,
        "rendered": null,
        "type": "input",
      },
      "type": Symbol(react.fragment),
    },
  ],
  Symbol(enzyme.__options__): Object {
    "adapter": ReactSixteenAdapter {
      "options": Object {
        "enableComponentDidUpdateOnSetState": true,
        "legacyContextMode": "parent",
        "lifecycles": Object {
          "componentDidUpdate": Object {
            "onSetState": true,
          },
          "getChildContext": Object {
            "calledByRenderer": false,
          },
          "getDerivedStateFromProps": Object {
            "hasShouldComponentUpdateBug": false,
          },
          "getSnapshotBeforeUpdate": true,
          "setState": Object {
            "skipsComponentDidUpdateOnNullish": true,
          },
        },
      },
    },
  },
  Symbol(enzyme.__childContext__): null,
}
`;
